// Jest Snapshot v1, https://goo.gl/fbAQLP

exports[`<ResultsList /> renders 1`] = `
<ResultsList>
  <div>
    Upload a .CSV file for your Groups and/or People
  </div>
  <a
    cssClass="react-csv-input"
    onFileLoaded={[Function]}
    parserOptions={
      Object {
        "dynamicTyping": true,
        "header": true,
        "skipEmptyLines": true,
        "transformHeader": [Function],
      }
    }
  >
    <div
      className="react-csv-input"
    >
      <input
        accept=".csv, text/csv"
        className="csv-input"
        disabled={false}
        id="react-csv-reader-input"
        onChange={[Function]}
        style={Object {}}
        type="file"
      />
    </div>
  </a>
  <h1>
     People
  </h1>
  <Table
    as="table"
    celled={true}
    padded={true}
    sortable={true}
  >
    <table
      className="ui celled sortable padded table"
    >
      <TableHeader
        as="thead"
      >
        <thead
          className=""
        >
          <TableRow
            as="tr"
            cellAs="td"
          >
            <tr
              className=""
            >
              <TableHeaderCell
                as="th"
                onClick={[Function]}
                singleLine={true}
                sorted={null}
              >
                <TableCell
                  as="th"
                  className=""
                  onClick={[Function]}
                  singleLine={true}
                >
                  <th
                    className="single line"
                    onClick={[Function]}
                  >
                    First Name
                  </th>
                </TableCell>
              </TableHeaderCell>
              <TableHeaderCell
                as="th"
                onClick={[Function]}
                sorted={null}
              >
                <TableCell
                  as="th"
                  className=""
                  onClick={[Function]}
                >
                  <th
                    className=""
                    onClick={[Function]}
                  >
                    Last Name
                  </th>
                </TableCell>
              </TableHeaderCell>
              <TableHeaderCell
                as="th"
                onClick={[Function]}
                sorted={null}
              >
                <TableCell
                  as="th"
                  className=""
                  onClick={[Function]}
                >
                  <th
                    className=""
                    onClick={[Function]}
                  >
                    Email Address
                  </th>
                </TableCell>
              </TableHeaderCell>
              <TableHeaderCell
                as="th"
                onClick={[Function]}
                sorted={null}
              >
                <TableCell
                  as="th"
                  className=""
                  onClick={[Function]}
                >
                  <th
                    className=""
                    onClick={[Function]}
                  >
                    Status
                  </th>
                </TableCell>
              </TableHeaderCell>
              <TableHeaderCell
                as="th"
                onClick={[Function]}
                sorted={null}
              >
                <TableCell
                  as="th"
                  className=""
                  onClick={[Function]}
                >
                  <th
                    className=""
                    onClick={[Function]}
                  >
                    Group Name (Optional)
                  </th>
                </TableCell>
              </TableHeaderCell>
            </tr>
          </TableRow>
        </thead>
      </TableHeader>
      <TableBody
        as="tbody"
      >
        <tbody
          className=""
        >
          <TableRow
            as="tr"
            cellAs="td"
            key="0"
          >
            <tr
              className=""
            >
              <TableCell
                as="td"
                singleLine={true}
              >
                <td
                  className="single line"
                >
                  Macie
                </td>
              </TableCell>
              <TableCell
                as="td"
                singleLine={true}
              >
                <td
                  className="single line"
                >
                  Emmerich
                </td>
              </TableCell>
              <TableCell
                as="td"
                singleLine={true}
              >
                <td
                  className="single line"
                >
                  cremin.marjory@hotmail.com
                </td>
              </TableCell>
              <TableCell
                as="td"
                singleLine={true}
              >
                <td
                  className="single line"
                >
                  active
                </td>
              </TableCell>
              <TableCell
                as="td"
                singleLine={true}
              >
                <td
                  className="single line"
                >
                  Pastors
                </td>
              </TableCell>
            </tr>
          </TableRow>
          <TableRow
            as="tr"
            cellAs="td"
            key="1"
          >
            <tr
              className=""
            >
              <TableCell
                as="td"
                singleLine={true}
              >
                <td
                  className="single line"
                >
                  Ellis
                </td>
              </TableCell>
              <TableCell
                as="td"
                singleLine={true}
              >
                <td
                  className="single line"
                >
                  Ferich
                </td>
              </TableCell>
              <TableCell
                as="td"
                singleLine={true}
              >
                <td
                  className="single line"
                >
                  bremin.marjory@hotmail.com
                </td>
              </TableCell>
              <TableCell
                as="td"
                singleLine={true}
              >
                <td
                  className="single line"
                >
                  archived
                </td>
              </TableCell>
              <TableCell
                as="td"
                singleLine={true}
              >
                <td
                  className="single line"
                >
                  Elders
                </td>
              </TableCell>
            </tr>
          </TableRow>
        </tbody>
      </TableBody>
    </table>
  </Table>
  <h1>
    Groups
  </h1>
</ResultsList>
`;
